`key1`|`true`|`1,5`
`key3`|`false`|`N/A`
`key2`|`false`|`4.200`
