"key1","42","A string containing a character "" to escape"
