"key1","true","1.5"
"key3","false","null"
"key2","false","4200"
