"table_key";"ascii_val";"bigint_val";"blob_val";"bool_val";"date_val";"decimal_val";"double_val";"duration_val";"float_val";"inet_val";"int_val";"list_val";"map_val";"set_val";"smallint_val";"time_val";"timeuuid_val";"tinyint_val";"ts_val";"tuple_val";"uuid_val";"varchar_val";"varint_val";"vector_val"
"key1";"abc123";"12345678900000";"this is a blob";"true";"2023-03-25";"18.97";"2345.6";"3h15m";"21.3";"/127.0.0.1";"98";"[4, 6, 10]";"{8=eight, 3=three}";"[2, 3, 5]";"2";"12:30:45";"1f4b6fe0-f12b-11ef-8b6b-fdf7025e383c";"12";"2023-03-25 13:30:45+0100";"(5,'five')";"f26f86e6-d8ef-4d30-9d9e-4027d21e02a9";"varchar text";"4321";"[1, 3, 8, 6]"
